// Jest Snapshot v1, https://goo.gl/fbAQLP

exports[`LocalWeather component matches the snapshot on loading 1`] = `
Array [
  <div
    id="local-weather"
  >
    <h2>
      Local weather
    </h2>
    <button
      onClick={[Function]}
    >
      Update local weather
    </button>
    <div
      id="weather-container"
    >
      <div />
    </div>
  </div>,
  <div
    id="favorites"
  >
    <h2>
      Your favorite cities
    </h2>
    <form
      onSubmit={[Function]}
    >
      <input
        placeholder="Enter new favorite city"
      />
      <input
        type="submit"
        value="Add city"
      />
    </form>
    <div
      id="weather-container"
    >
      <div
        id="left-block"
      >
        <button
          id="delete-button"
          onClick={[Function]}
        >
          Delete city
        </button>
        <div
          id="city-name"
        >
          Kirov
        </div>
      </div>
      <div
        id="right-block"
      >
        <div
          id="spinner"
        />
      </div>
    </div>
    <div
      id="weather-container"
    >
      <div
        id="left-block"
      >
        <button
          id="delete-button"
          onClick={[Function]}
        >
          Delete city
        </button>
        <div
          id="city-name"
        >
          Kiyv
        </div>
        <div
          id="icon-temp"
        >
          <img
            alt="Weather icon"
            src="http://openweathermap.org/img/w/50n.png"
          />
          <div
            id="temp"
          >
            14
            °C
          </div>
        </div>
      </div>
      <div
        id="right-block"
      >
        <div
          className="info"
        >
          <div>
            Description:
          </div>
          <div
            className="value"
          >
            mist
          </div>
        </div>
        <div
          className="info"
        >
          <div>
            Barometer:
          </div>
          <div
            className="value"
          >
            1022
             hPa
          </div>
        </div>
        <div
          className="info"
        >
          <div>
            Humidity:
          </div>
          <div
            className="value"
          >
            100
             %
          </div>
        </div>
        <div
          className="info"
        >
          <div>
            Wind:
          </div>
          <div
            className="value"
          >
            3.6
             m/s
          </div>
        </div>
      </div>
    </div>
    <div
      id="weather-container"
    >
      <div
        id="left-block"
      >
        <button
          id="delete-button"
          onClick={[Function]}
        >
          Delete city
        </button>
        <div
          id="city-name"
        >
          Hyperion
        </div>
      </div>
      <div
        id="right-block"
      >
        <div>
          Weather for this city is not available :(
        </div>
      </div>
    </div>
  </div>,
]
`;
